Microsoft Windows [Version 10.0.17763.253]
(c) 2018 Microsoft Corporation. All rights reserved.

C:\Users\Lenovo>cd C:\WebServers\usr\local\mysql-5.5\bin

C:\WebServers\usr\local\mysql-5.5\bin>mysql -u root
ERROR 2003 (HY000): Can't connect to MySQL server on 'localhost' (10061)

C:\WebServers\usr\local\mysql-5.5\bin>mysql -u root -p
Enter password:
ERROR 2003 (HY000): Can't connect to MySQL server on 'localhost' (10061)

C:\WebServers\usr\local\mysql-5.5\bin>mysql -u root -p
Enter password:
Welcome to the MySQL monitor.  Commands end with ; or \g.
Your MySQL connection id is 1
Server version: 5.5.25 MySQL Community Server (GPL)

Copyright (c) 2000, 2011, Oracle and/or its affiliates. All rights reserved.

Oracle is a registered trademark of Oracle Corporation and/or its
affiliates. Other names may be trademarks of their respective
owners.

Type 'help;' or '\h' for help. Type '\c' to clear the current input statement.

mysql> CREATE DATABASE ALKO
    -> ;
Query OK, 1 row affected (0.01 sec)

mysql> SHOW DATABASES
    -> ;
+--------------------+
| Database           |
+--------------------+
| information_schema |
| alko               |
| mate_academy       |
| mysql              |
| performance_schema |
| phpmyadmin         |
| tetris             |
+--------------------+
7 rows in set (0.01 sec)

mysql> use alko;
Database changed
mysql> CREATE TABLE category (cat_id TINYINT [UNSIGNED] PRIMARY KEY AUTO_INCREMENT, cat_name VARCHAR(100));
ERROR 1064 (42000): You have an error in your SQL syntax; check the manual that corresponds to your MySQL server version for the right syntax to use near '[UNSIGNED] PRIMARY KEY AUTO_INCREMENT, cat_name VARCHAR(100))' at line 1
mysql> CREATE TABLE category (cat_id TINYINT UNSIGNED PRIMARY KEY AUTO_INCREMENT, cat_name VARCHAR(100));
Query OK, 0 rows affected (0.01 sec)

mysql> SHOW TABLES;
+----------------+
| Tables_in_alko |
+----------------+
| category       |
+----------------+
1 row in set (0.00 sec)

mysql> CREATE TABLE drinks (d_id INT UNSIGNED PRIMARY KEY AUTO_INCREMENT, d_name VARCHAR NOT NULL, d_degree TINYINT UNSIGNED, d_category INT UNSIGNED REFERENCES category (cat_id), d_volume TINYINT(5, 2) UNSIGNEED);
ERROR 1064 (42000): You have an error in your SQL syntax; check the manual that corresponds to your MySQL server version for the right syntax to use near 'NOT NULL, d_degree TINYINT UNSIGNED, d_category INT UNSIGNED REFERENCES category' at line 1
mysql> CREATE TABLE drinks (d_id INT UNSIGNED PRIMARY KEY AUTO_INCREMENT, d_name VARCHAR() NOT NULL, d_degree TINYINT UNSIGNED, d_category INT UNSIGNED REFERENCES category (cat_id), d_volume TINYINT(5, 2) UNSIGNEED);
ERROR 1064 (42000): You have an error in your SQL syntax; check the manual that corresponds to your MySQL server version for the right syntax to use near ') NOT NULL, d_degree TINYINT UNSIGNED, d_category INT UNSIGNED REFERENCES catego' at line 1
mysql> CREATE TABLE drinks (d_id INT UNSIGNED PRIMARY KEY AUTO_INCREMENT, d_name VARCHAR IS NOT NULL, d_degree TINYINT UNSIGNED, d_category INT UNSIGNED REFERENCES category (cat_id), d_volume TINYINT(5, 2) UNSIGNEED);
ERROR 1064 (42000): You have an error in your SQL syntax; check the manual that corresponds to your MySQL server version for the right syntax to use near 'IS NOT NULL, d_degree TINYINT UNSIGNED, d_category INT UNSIGNED REFERENCES categ' at line 1
mysql> CREATE TABLE drinks (d_id INT UNSIGNED PRIMARY KEY AUTO_INCREMENT, d_name VARCHAR NOT NULL, d_degree TINYINT UNSIGNED, d_category INT UNSIGNED, d_volume TINYINT(5, 2) UNSIGNEED, FOREING KEY REFERENCES category(cat_id));
ERROR 1064 (42000): You have an error in your SQL syntax; check the manual that corresponds to your MySQL server version for the right syntax to use near 'NOT NULL, d_degree TINYINT UNSIGNED, d_category INT UNSIGNED, d_volume TINYINT(5' at line 1
mysql> CREATE TABLE drinks (d_id INT UNSIGNED PRIMARY KEY AUTO_INCREMENT, d_name VARCHAR() NOT NULL, d_degree TINYINT UNSIGNED, d_category INT UNSIGNED, d_volume TINYINT(5, 2) UNSIGNEED, FOREING KEY REFERENCES category(cat_id));
ERROR 1064 (42000): You have an error in your SQL syntax; check the manual that corresponds to your MySQL server version for the right syntax to use near ') NOT NULL, d_degree TINYINT UNSIGNED, d_category INT UNSIGNED, d_volume TINYINT' at line 1
mysql> CREATE TABLE drinks (d_id INT UNSIGNED PRIMARY KEY AUTO_INCREMENT, d_name VARCHAR(255) NOT NULL, d_degree TINYINT UNSIGNED, d_category INT UNSIGNED, d_volume TINYINT(5, 2) UNSIGNEED, FOREING KEY REFERENCES category(cat_id));
ERROR 1064 (42000): You have an error in your SQL syntax; check the manual that corresponds to your MySQL server version for the right syntax to use near ' 2) UNSIGNEED, FOREING KEY REFERENCES category(cat_id))' at line 1
mysql> CREATE TABLE drinks (d_id INT UNSIGNED PRIMARY KEY AUTO_INCREMENT, d_name VARCHAR(255) NOT NULL, d_degree TINYINT UNSIGNED, d_category INT UNSIGNED, d_volume TINYINT(5, 2) UNSIGNED, FOREING KEY REFERENCES category(cat_id));
ERROR 1064 (42000): You have an error in your SQL syntax; check the manual that corresponds to your MySQL server version for the right syntax to use near ' 2) UNSIGNED, FOREING KEY REFERENCES category(cat_id))' at line 1
mysql> CREATE TABLE drinks (d_id INT UNSIGNED PRIMARY KEY AUTO_INCREMENT, d_name VARCHAR(255) NOT NULL, d_degree TINYINT UNSIGNED, d_category INT UNSIGNED, d_volume TINYINT(5, 2) UNSIGNED, FOREING KEY (d_category) REFERENCES category(cat_id));
ERROR 1064 (42000): You have an error in your SQL syntax; check the manual that corresponds to your MySQL server version for the right syntax to use near ' 2) UNSIGNED, FOREING KEY (d_category) REFERENCES category(cat_id))' at line 1
mysql> CREATE TABLE drinks (d_id INT UNSIGNED PRIMARY KEY AUTO_INCREMENT, d_name VARCHAR(255) NOT NULL, d_degree TINYINT UNSIGNED, d_category INT UNSIGNED, d_volume TINYINT(5,2) UNSIGNED, FOREING KEY (d_category) REFERENCES category(cat_id));
ERROR 1064 (42000): You have an error in your SQL syntax; check the manual that corresponds to your MySQL server version for the right syntax to use near '2) UNSIGNED, FOREING KEY (d_category) REFERENCES category(cat_id))' at line 1
mysql> CREATE TABLE drinks (d_id INT UNSIGNED PRIMARY KEY AUTO_INCREMENT, d_name VARCHAR(255) NOT NULL, d_degree TINYINT UNSIGNED, d_category INT UNSIGNED, d_volume TINYINT(6,2) UNSIGNED, FOREING KEY (d_category) REFERENCES category(cat_id));
ERROR 1064 (42000): You have an error in your SQL syntax; check the manual that corresponds to your MySQL server version for the right syntax to use near '2) UNSIGNED, FOREING KEY (d_category) REFERENCES category(cat_id))' at line 1
mysql> CREATE TABLE drinks (d_id INT UNSIGNED PRIMARY KEY AUTO_INCREMENT, d_name VARCHAR(255) NOT NULL, d_degree TINYINT UNSIGNED, d_category INT UNSIGNED, d_volume TINYINT(6,2) UNSIGNED, FOREING KEY (d_category) REFERENCES category(cat_id));
ERROR 1064 (42000): You have an error in your SQL syntax; check the manual that corresponds to your MySQL server version for the right syntax to use near '2) UNSIGNED, FOREING KEY (d_category) REFERENCES category(cat_id))' at line 1
mysql>
mysql> CREATE TABLE drinks (d_id INT UNSIGNED PRIMARY KEY AUTO_INCREMENT, d_name VARCHAR(255) NOT NULL, d_degree TINYINT UNSIGNED, d_category INT UNSIGNED, d_volume TINYINT(6,2), FOREING KEY (d_category) REFERENCES category(cat_id));
ERROR 1064 (42000): You have an error in your SQL syntax; check the manual that corresponds to your MySQL server version for the right syntax to use near '2), FOREING KEY (d_category) REFERENCES category(cat_id))' at line 1
mysql> CREATE TABLE drinks (d_id INT UNSIGNED PRIMARY KEY AUTO_INCREMENT, d_name VARCHAR(255) NOT NULL, d_degree TINYINT UNSIGNED, d_category INT UNSIGNED, d_volume FLOAT(6,2) UNSIGNED, FOREING KEY (d_category) REFERENCES category(cat_id));
ERROR 1064 (42000): You have an error in your SQL syntax; check the manual that corresponds to your MySQL server version for the right syntax to use near 'KEY (d_category) REFERENCES category(cat_id))' at line 1
mysql> CREATE TABLE drinks (d_id INT UNSIGNED PRIMARY KEY AUTO_INCREMENT, d_name VARCHAR(255) NOT NULL, d_degree TINYINT UNSIGNED, d_category INT UNSIGNED, d_volume FLOAT(6,2) UNSIGNED, FOREIGN KEY (d_category) REFERENCES category(cat_id));
ERROR 1005 (HY000): Can't create table 'alko.drinks' (errno: 150)
mysql> CREATE TABLE drinks (d_id INT UNSIGNED PRIMARY KEY AUTO_INCREMENT, d_name VARCHAR(255) NOT NULL, d_degree TINYINT UNSIGNED, d_category INT UNSIGNED, d_volume FLOAT(6,2) UNSIGNED, FOREIGN KEY (d_category) REFERENCES category(cat_id));
ERROR 1005 (HY000): Can't create table 'alko.drinks' (errno: 150)
mysql> SHOW TABLES;
+----------------+
| Tables_in_alko |
+----------------+
| category       |
+----------------+
1 row in set (0.00 sec)

mysql> SHOW category;
ERROR 1064 (42000): You have an error in your SQL syntax; check the manual that corresponds to your MySQL server version for the right syntax to use near 'category' at line 1
mysql> DESCRIBE alko.category;
+----------+---------------------+------+-----+---------+----------------+
| Field    | Type                | Null | Key | Default | Extra          |
+----------+---------------------+------+-----+---------+----------------+
| cat_id   | tinyint(3) unsigned | NO   | PRI | NULL    | auto_increment |
| cat_name | varchar(100)        | YES  |     | NULL    |                |
+----------+---------------------+------+-----+---------+----------------+
2 rows in set (0.03 sec)

mysql> CREATE TABLE drinks (d_id INT UNSIGNED PRIMARY KEY AUTO_INCREMENT, d_name VARCHAR(255) NOT NULL, d_degree TINYINT UNSIGNED, d_category INT UNSIGNED, d_volume FLOAT(6,2) UNSIGNED, FOREIGN KEY (d_category) REFERENCES category(cat_id));
ERROR 1005 (HY000): Can't create table 'alko.drinks' (errno: 150)
mysql> CREATE TABLE drinks (d_id INT UNSIGNED PRIMARY KEY AUTO_INCREMENT, d_name VARCHAR(255) NOT NULL, d_degree TINYINT UNSIGNED, d_category TINYINT UNSIGNED, d_volume FLOAT(6,2) UNSIGNED, FOREIGN KEY (d_category) REFERENCES category(cat_id));
Query OK, 0 rows affected (0.01 sec)

mysql> DESCRIBE alko.drinks;
+------------+---------------------+------+-----+---------+----------------+
| Field      | Type                | Null | Key | Default | Extra          |
+------------+---------------------+------+-----+---------+----------------+
| d_id       | int(10) unsigned    | NO   | PRI | NULL    | auto_increment |
| d_name     | varchar(255)        | NO   |     | NULL    |                |
| d_degree   | tinyint(3) unsigned | YES  |     | NULL    |                |
| d_category | tinyint(3) unsigned | YES  | MUL | NULL    |                |
| d_volume   | float(6,2) unsigned | YES  |     | NULL    |                |
+------------+---------------------+------+-----+---------+----------------+
5 rows in set (0.02 sec)

mysql> INSERT INTO category cat_name VALUES (soft drink, wine, beer, vodka, shot);
ERROR 1064 (42000): You have an error in your SQL syntax; check the manual that corresponds to your MySQL server version for the right syntax to use near 'cat_name VALUES (soft drink, wine, beer, vodka, shot)' at line 1
mysql> INSERT INTO category cat_name VALUES ("soft drink"), ("wine"), ("beer"), ("vodka"), ("shot");
ERROR 1064 (42000): You have an error in your SQL syntax; check the manual that corresponds to your MySQL server version for the right syntax to use near 'cat_name VALUES ("soft drink"), ("wine"), ("beer"), ("vodka"), ("shot")' at line 1
mysql> INSERT INTO category VALUES ("soft drink"), ("wine"), ("beer"), ("vodka"), ("shot");
ERROR 1136 (21S01): Column count doesn't match value count at row 1
mysql> INSERT INTO category (cat_name) VALUES ("soft drink"), ("wine"), ("beer"), ("vodka"), ("shot");
Query OK, 5 rows affected (0.01 sec)
Records: 5  Duplicates: 0  Warnings: 0

mysql> SHOW TABLE category;
ERROR 1064 (42000): You have an error in your SQL syntax; check the manual that corresponds to your MySQL server version for the right syntax to use near 'category' at line 1
mysql> SELECT * FROM category;
+--------+------------+
| cat_id | cat_name   |
+--------+------------+
|      1 | soft drink |
|      2 | wine       |
|      3 | beer       |
|      4 | vodka      |
|      5 | shot       |
+--------+------------+
5 rows in set (0.01 sec)

mysql> INSERT INTO drinks (d_name, d_degree, d_category, d_volume) VALUES ("Pepsi", 0, 1, 0.50), ("Tamianka", 12, 2, 0.70 ), ("Obolon", 0, 3, 0.50), ("stoletov", 40, 4, 0.70), ("hirosima", 45, 5, 0.10);
Query OK, 5 rows affected (0.01 sec)
Records: 5  Duplicates: 0  Warnings: 0

mysql> SELECT * FROM drinks;
+------+----------+----------+------------+----------+
| d_id | d_name   | d_degree | d_category | d_volume |
+------+----------+----------+------------+----------+
|    1 | Pepsi    |        0 |          1 |     0.50 |
|    2 | Tamianka |       12 |          2 |     0.70 |
|    3 | Obolon   |        0 |          3 |     0.50 |
|    4 | stoletov |       40 |          4 |     0.70 |
|    5 | hirosima |       45 |          5 |     0.10 |
+------+----------+----------+------------+----------+
5 rows in set (0.00 sec)

mysql>